......FFF                                                                [100%]
=================================== FAILURES ===================================
__________________ test_readback_rejects_unbound_origin[None] __________________

saved = PosixPath('<TEMP>/pytest-of-<LOCAL_USER>/pytest-25/test_readback_rejects_unbound_0/work/run')
origin = None

    @pytest.mark.parametrize('origin', [None, {'kind':'historical_teacher_preset','name':'english-original'}, {'kind':'unknown'}])
    def test_readback_rejects_unbound_origin(saved, origin):
        receipt=json.loads((saved/'run.json').read_text())
        receipt['input_origin']=origin
        (saved/'run.json').write_text(json.dumps(receipt))
        manifest=json.loads((saved/'manifest.json').read_text())
        manifest['run.json']=sha(saved/'run.json')
        (saved/'manifest.json').write_text(json.dumps(manifest))
>       with pytest.raises(ValueError, match='origin'):verify_run(saved)
             ^^^^^^^^^^^^^^^^^^^^^^^^^^^^^^^^^^^^^^^^^
E       Failed: DID NOT RAISE <class 'ValueError'>

tests/test_qc_evidence_contract.py:57: Failed
________________ test_readback_rejects_unbound_origin[origin1] _________________

saved = PosixPath('<TEMP>/pytest-of-<LOCAL_USER>/pytest-25/test_readback_rejects_unbound_1/work/run')
origin = {'kind': 'historical_teacher_preset', 'name': 'english-original'}

    @pytest.mark.parametrize('origin', [None, {'kind':'historical_teacher_preset','name':'english-original'}, {'kind':'unknown'}])
    def test_readback_rejects_unbound_origin(saved, origin):
        receipt=json.loads((saved/'run.json').read_text())
        receipt['input_origin']=origin
        (saved/'run.json').write_text(json.dumps(receipt))
        manifest=json.loads((saved/'manifest.json').read_text())
        manifest['run.json']=sha(saved/'run.json')
        (saved/'manifest.json').write_text(json.dumps(manifest))
>       with pytest.raises(ValueError, match='origin'):verify_run(saved)
             ^^^^^^^^^^^^^^^^^^^^^^^^^^^^^^^^^^^^^^^^^
E       Failed: DID NOT RAISE <class 'ValueError'>

tests/test_qc_evidence_contract.py:57: Failed
________________ test_readback_rejects_unbound_origin[origin2] _________________

saved = PosixPath('<TEMP>/pytest-of-<LOCAL_USER>/pytest-25/test_readback_rejects_unbound_2/work/run')
origin = {'kind': 'unknown'}

    @pytest.mark.parametrize('origin', [None, {'kind':'historical_teacher_preset','name':'english-original'}, {'kind':'unknown'}])
    def test_readback_rejects_unbound_origin(saved, origin):
        receipt=json.loads((saved/'run.json').read_text())
        receipt['input_origin']=origin
        (saved/'run.json').write_text(json.dumps(receipt))
        manifest=json.loads((saved/'manifest.json').read_text())
        manifest['run.json']=sha(saved/'run.json')
        (saved/'manifest.json').write_text(json.dumps(manifest))
>       with pytest.raises(ValueError, match='origin'):verify_run(saved)
             ^^^^^^^^^^^^^^^^^^^^^^^^^^^^^^^^^^^^^^^^^
E       Failed: DID NOT RAISE <class 'ValueError'>

tests/test_qc_evidence_contract.py:57: Failed
=========================== short test summary info ============================
FAILED tests/test_qc_evidence_contract.py::test_readback_rejects_unbound_origin[None]
FAILED tests/test_qc_evidence_contract.py::test_readback_rejects_unbound_origin[origin1]
FAILED tests/test_qc_evidence_contract.py::test_readback_rejects_unbound_origin[origin2]
3 failed, 6 passed in 0.04s
