fp16 1 96
fp16 2 96
fp16 3 96
fp16 4 96
fp16 5 96
fp16 6 96
fp16 7 96
fp16 8 96
fp16 9 96
fp16 10 96
fp16 11 96
fp16 12 96
fp16 13 96
fp16 14 96
fp16 15 96
fp16 16 96
fp16 17 96
fp16 18 96
fp16 19 96
fp16 20 96
fp16 21 96
fp16 22 96
fp16 23 96
fp16 24 96
fp16 25 96
fp16 26 96
fp16 27 96
fp16 28 96
fp16 29 96
fp16 30 96
fp16 31 96
fp16 32 96
fp16 33 96
fp16 34 96
fp16 35 96
fp16 36 96
fp16 37 96
fp16 38 96
fp16 39 96
fp16 40 96
fp16 41 96
fp16 42 96
fp16 43 96
fp16 44 96
fp16 45 96
fp16 46 96
fp16 47 96
fp16 48 96
fp16 49 96
fp16 50 96
fp16 51 96
fp16 52 96
fp16 53 96
fp16 54 96
fp16 55 96
fp16 56 96
fp16 57 96
fp16 58 96
fp16 59 96
fp16 60 96
fp16 61 96
fp16 62 96
fp16 63 96
fp16 64 96
fp16 65 96
fp16 66 96
fp16 67 96
fp16 68 96
fp16 69 96
fp16 70 96
fp16 71 96
fp16 72 96
fp16 73 96
fp16 74 96
fp16 75 96
fp16 76 96
fp16 77 96
fp16 78 96
fp16 79 96
fp16 80 96
fp16 81 96
fp16 82 96
fp16 83 96
fp16 84 96
fp16 85 96
fp16 86 96
fp16 87 96
fp16 88 96
fp16 89 96
fp16 90 96
fp16 91 96
fp16 92 96
fp16 93 96
fp16 94 96
fp16 95 96
fp16 96 96
