q8 1 96
q8 2 96
q8 3 96
q8 4 96
q8 5 96
q8 6 96
q8 7 96
q8 8 96
q8 9 96
q8 10 96
q8 11 96
q8 12 96
q8 13 96
q8 14 96
q8 15 96
q8 16 96
q8 17 96
q8 18 96
q8 19 96
q8 20 96
q8 21 96
q8 22 96
q8 23 96
q8 24 96
q8 25 96
q8 26 96
q8 27 96
q8 28 96
q8 29 96
q8 30 96
q8 31 96
q8 32 96
q8 33 96
q8 34 96
q8 35 96
q8 36 96
q8 37 96
q8 38 96
q8 39 96
q8 40 96
q8 41 96
q8 42 96
q8 43 96
q8 44 96
q8 45 96
q8 46 96
q8 47 96
q8 48 96
q8 49 96
q8 50 96
q8 51 96
q8 52 96
q8 53 96
q8 54 96
q8 55 96
q8 56 96
q8 57 96
q8 58 96
q8 59 96
q8 60 96
q8 61 96
q8 62 96
q8 63 96
q8 64 96
q8 65 96
q8 66 96
q8 67 96
q8 68 96
q8 69 96
q8 70 96
q8 71 96
q8 72 96
q8 73 96
q8 74 96
q8 75 96
q8 76 96
q8 77 96
q8 78 96
q8 79 96
q8 80 96
q8 81 96
q8 82 96
q8 83 96
q8 84 96
q8 85 96
q8 86 96
q8 87 96
q8 88 96
q8 89 96
q8 90 96
q8 91 96
q8 92 96
q8 93 96
q8 94 96
q8 95 96
q8 96 96
